2025-12-05 19:59:11 +0000 [MT] Initial pipeline context: <IDEDistributionProcessingPipelineContext: 0x7f9ec2244910; archive(resolved)="<IDEArchive: 0x6000037500e0>", distributionTask(resolved)="2", distributionDestination(resolved)="1", distributionMethod(resolved)="<IDEDistributionMethodDevelopmentSigned: 0x600001ec0880>", team(resolved)="<IDEProvisioningBasicTeam: 0x600001d8b2a0; teamID='Q7GDVRDLKY', teamName='(null)'>">
	Chain (14, self inclusive):
	<IDEDistributionProcessingPipelineContext: 0x7f9ec2244910; archive = "<IDEArchive: 0x6000037500e0>", distributionMethod="<IDEDistributionMethodDevelopmentSigned: 0x600001ec0880>", team="<IDEProvisioningBasicTeam: 0x600001d8b2a0; teamID='Q7GDVRDLKY', teamName='(null)'>">
	<IDEDistributionProcessingPipelineContext: 0x7f9ec246d530; archive = "<IDEArchive: 0x6000037500e0>", distributionMethod="<IDEDistributionMethodDevelopmentSigned: 0x600001ec0880>", team="<IDEProvisioningBasicTeam: 0x600001d8b2a0; teamID='Q7GDVRDLKY', teamName='(null)'>">
	<IDEDistributionContext: 0x7f9ec2412ef0; archive = "<IDEArchive: 0x6000037500e0>", distributionMethod="<IDEDistributionMethodDevelopmentSigned: 0x600001ec0880>", team="<IDEProvisioningBasicTeam: 0x600001d8b2a0; teamID='Q7GDVRDLKY', teamName='(null)'>">
	<IDEDistributionContext: 0x7f9ec2563540; archive = "<IDEArchive: 0x6000037500e0>", distributionMethod="<IDEDistributionMethodDevelopmentSigned: 0x600001ec0880>", team="<IDEProvisioningBasicTeam: 0x600001d8b2a0; teamID='Q7GDVRDLKY', teamName='(null)'>">
	<IDEDistributionContext: 0x7f9ec246b4d0; archive = "<IDEArchive: 0x6000037500e0>", distributionMethod="<IDEDistributionMethodDevelopmentSigned: 0x600001ec0880>", team="<IDEProvisioningBasicTeam: 0x600001d8b2a0; teamID='Q7GDVRDLKY', teamName='(null)'>">
	<IDEDistributionContext: 0x7f9ec2563070; archive = "<IDEArchive: 0x6000037500e0>", distributionMethod="<IDEDistributionMethodDevelopmentSigned: 0x600001ec0880>", team="<IDEProvisioningBasicTeam: 0x600001d8b2a0; teamID='Q7GDVRDLKY', teamName='(null)'>">
	<IDEDistributionContext: 0x7f9ec255ad80; archive = "<IDEArchive: 0x6000037500e0>", distributionMethod="<IDEDistributionMethodDevelopmentSigned: 0x600001ec0880>", team="<IDEProvisioningBasicTeam: 0x600001d8b2a0; teamID='Q7GDVRDLKY', teamName='(null)'>">
	<IDEDistributionContext: 0x7f9ec255ab70; archive = "<IDEArchive: 0x6000037500e0>", distributionMethod="<IDEDistributionMethodDevelopmentSigned: 0x600001ec0880>", team="<IDEProvisioningBasicTeam: 0x600001d8b2a0; teamID='Q7GDVRDLKY', teamName='(null)'>">
	<IDEDistributionContext: 0x7f9ec0f3bf50; archive = "<IDEArchive: 0x6000037500e0>", distributionMethod="<IDEDistributionMethodDevelopmentSigned: 0x600001ec0880>", team="<IDEProvisioningBasicTeam: 0x600001d8b2a0; teamID='Q7GDVRDLKY', teamName='(null)'>">
	<IDEDistributionContext: 0x7f9ec0f3cdb0; archive = "<IDEArchive: 0x6000037500e0>", distributionMethod="<IDEDistributionMethodDevelopmentSigned: 0x600001ec0880>", team="(null)">
	<IDEDistributionContext: 0x7f9ec0f3bb40; archive = "<IDEArchive: 0x6000037500e0>", distributionMethod="<IDEDistributionMethodDevelopmentSigned: 0x600001ec0880>", team="(null)">
	<IDEDistributionContext: 0x7f9ec2466680; archive = "<IDEArchive: 0x6000037500e0>", distributionMethod="<IDEDistributionMethodDevelopmentSigned: 0x600001ec0880>", team="(null)">
	<IDEDistributionContext: 0x7f9ec2551e40; archive = "<IDEArchive: 0x6000037500e0>", distributionMethod="<IDEDistributionMethodDevelopmentSigned: 0x600001ec0880>", team="(null)">
	<IDEDistributionContext: 0x7f9ec2016d40; archive = "<IDEArchive: 0x6000037500e0>", distributionMethod="(null)", team="(null)">
</IDEDistributionProcessingPipelineContext: 0x7f9ec2244910>
2025-12-05 19:59:11 +0000 [MT] Processing step: IDEDistributionCreateDestRootStep
2025-12-05 19:59:11 +0000 [MT] Processing step: IDEDistributionCopyItemStep
2025-12-05 19:59:11 +0000 [MT] Running /usr/bin/ditto '-V' '/Users/johndimm/projects/romeo-and-juliet-explained/ios/build/App.xcarchive/Products/Applications/App.app' '/var/folders/1_/nz8n1h4x6lvc9p0ls6sxc3zr0000gn/T/XcodeDistPipeline.~~~YCxfFn/Root/Payload/App.app'
2025-12-05 19:59:11 +0000  >>> Copying /Users/johndimm/projects/romeo-and-juliet-explained/ios/build/App.xcarchive/Products/Applications/App.app 
2025-12-05 19:59:11 +0000  copying file ./_CodeSignature/CodeResources ... 
2025-12-05 19:59:11 +0000  15515 bytes for ./_CodeSignature/CodeResources
2025-12-05 19:59:11 +0000  copying file ./App ... 
2025-12-05 19:59:11 +0000  93264 bytes for ./App
2025-12-05 19:59:11 +0000  copying file ./AppIcon60x60@2x.png ... 
2025-12-05 19:59:11 +0000  10151 bytes for ./AppIcon60x60@2x.png
2025-12-05 19:59:11 +0000  copying file ./Base.lproj/Main.storyboardc/UIViewController-BYZ-38-t0r.nib ... 
2025-12-05 19:59:11 +0000  858 bytes for ./Base.lproj/Main.storyboardc/UIViewController-BYZ-38-t0r.nib
2025-12-05 19:59:11 +0000  copying file ./Base.lproj/Main.storyboardc/Info.plist ... 
2025-12-05 19:59:11 +0000  258 bytes for ./Base.lproj/Main.storyboardc/Info.plist
2025-12-05 19:59:11 +0000  copying file ./Base.lproj/LaunchScreen.storyboardc/01J-lp-oVM-view-snD-IY-ifK.nib ... 
2025-12-05 19:59:11 +0000  1278 bytes for ./Base.lproj/LaunchScreen.storyboardc/01J-lp-oVM-view-snD-IY-ifK.nib
2025-12-05 19:59:11 +0000  copying file ./Base.lproj/LaunchScreen.storyboardc/UIViewController-01J-lp-oVM.nib ... 
2025-12-05 19:59:11 +0000  924 bytes for ./Base.lproj/LaunchScreen.storyboardc/UIViewController-01J-lp-oVM.nib
2025-12-05 19:59:11 +0000  copying file ./Base.lproj/LaunchScreen.storyboardc/Info.plist ... 
2025-12-05 19:59:11 +0000  258 bytes for ./Base.lproj/LaunchScreen.storyboardc/Info.plist
2025-12-05 19:59:11 +0000  copying file ./config.xml ... 
2025-12-05 19:59:11 +0000  185 bytes for ./config.xml
2025-12-05 19:59:11 +0000  copying file ./public/_next/static/css/e10452630bdf4fbb.css ... 
2025-12-05 19:59:11 +0000  38404 bytes for ./public/_next/static/css/e10452630bdf4fbb.css
2025-12-05 19:59:11 +0000  copying file ./public/_next/static/slM_bEtdJpTEhq87GXt1D/_ssgManifest.js ... 
2025-12-05 19:59:11 +0000  88 bytes for ./public/_next/static/slM_bEtdJpTEhq87GXt1D/_ssgManifest.js
2025-12-05 19:59:11 +0000  copying file ./public/_next/static/slM_bEtdJpTEhq87GXt1D/_buildManifest.js ... 
2025-12-05 19:59:11 +0000  578 bytes for ./public/_next/static/slM_bEtdJpTEhq87GXt1D/_buildManifest.js
2025-12-05 19:59:11 +0000  copying file ./public/_next/static/chunks/webpack-4e7214a60fad8e88.js ... 
2025-12-05 19:59:11 +0000  1319 bytes for ./public/_next/static/chunks/webpack-4e7214a60fad8e88.js
2025-12-05 19:59:11 +0000  copying file ./public/_next/static/chunks/framework-ecc4130bc7a58a64.js ... 
2025-12-05 19:59:11 +0000  140942 bytes for ./public/_next/static/chunks/framework-ecc4130bc7a58a64.js
2025-12-05 19:59:11 +0000  copying file ./public/_next/static/chunks/main-ac52e5f1ea1d2a16.js ... 
2025-12-05 19:59:11 +0000  109836 bytes for ./public/_next/static/chunks/main-ac52e5f1ea1d2a16.js
2025-12-05 19:59:11 +0000  copying file ./public/_next/static/chunks/pages/_error-77823ddac6993d35.js ... 
2025-12-05 19:59:11 +0000  247 bytes for ./public/_next/static/chunks/pages/_error-77823ddac6993d35.js
2025-12-05 19:59:11 +0000  copying file ./public/_next/static/chunks/pages/settings-756ce088933d2f83.js ... 
2025-12-05 19:59:11 +0000  793 bytes for ./public/_next/static/chunks/pages/settings-756ce088933d2f83.js
2025-12-05 19:59:11 +0000  copying file ./public/_next/static/chunks/pages/index-17f07bea7c739576.js ... 
2025-12-05 19:59:11 +0000  144508 bytes for ./public/_next/static/chunks/pages/index-17f07bea7c739576.js
2025-12-05 19:59:11 +0000  copying file ./public/_next/static/chunks/pages/user-guide-2ab5427b545eba73.js ... 
2025-12-05 19:59:11 +0000  803 bytes for ./public/_next/static/chunks/pages/user-guide-2ab5427b545eba73.js
2025-12-05 19:59:11 +0000  copying file ./public/_next/static/chunks/pages/about-4182f5665bf4a223.js ... 
2025-12-05 19:59:11 +0000  782 bytes for ./public/_next/static/chunks/pages/about-4182f5665bf4a223.js
2025-12-05 19:59:11 +0000  copying file ./public/_next/static/chunks/pages/_app-eda7a95b4c77a39d.js ... 
2025-12-05 19:59:11 +0000  22970 bytes for ./public/_next/static/chunks/pages/_app-eda7a95b4c77a39d.js
2025-12-05 19:59:11 +0000  copying file ./public/_next/static/chunks/pages/print-37002003955457dc.js ... 
2025-12-05 19:59:11 +0000  789 bytes for ./public/_next/static/chunks/pages/print-37002003955457dc.js
2025-12-05 19:59:11 +0000  copying file ./public/_next/static/chunks/polyfills-78c92fac7aa8fdd8.js ... 
2025-12-05 19:59:11 +0000  91381 bytes for ./public/_next/static/chunks/polyfills-78c92fac7aa8fdd8.js
2025-12-05 19:59:11 +0000  copying file ./public/_next/data/slM_bEtdJpTEhq87GXt1D/index.json ... 
2025-12-05 19:59:11 +0000  385586 bytes for ./public/_next/data/slM_bEtdJpTEhq87GXt1D/index.json
2025-12-05 19:59:11 +0000  copying file ./public/index.html ... 
2025-12-05 19:59:11 +0000  813071 bytes for ./public/index.html
copying file ./public/about.html ... 
2025-12-05 19:59:11 +0000  7038 bytes for ./public/about.html
2025-12-05 19:59:11 +0000  copying file ./public/cordova.js ... 
2025-12-05 19:59:11 +0000  0 bytes for ./public/cordova.js
2025-12-05 19:59:11 +0000  copying file ./public/404.html ... 
2025-12-05 19:59:11 +0000  7742 bytes for ./public/404.html
2025-12-05 19:59:11 +0000  copying file ./public/print.html ... 
2025-12-05 19:59:11 +0000  5539 bytes for ./public/print.html
2025-12-05 19:59:11 +0000  copying file ./public/user-guide.html ... 
2025-12-05 19:59:11 +0000  7067 bytes for ./public/user-guide.html
2025-12-05 19:59:11 +0000  copying file ./public/cordova_plugins.js ... 
2025-12-05 19:59:11 +0000  0 bytes for ./public/cordova_plugins.js
2025-12-05 19:59:11 +0000  copying file ./public/settings.html ... 
2025-12-05 19:59:11 +0000  7053 bytes for ./public/settings.html
2025-12-05 19:59:11 +0000  copying file ./public/data/metadata.json ... 
2025-12-05 19:59:11 +0000  134648 bytes for ./public/data/metadata.json
2025-12-05 19:59:11 +0000  copying file ./public/data/character_map.csv ... 
2025-12-05 19:59:11 +0000  11734 bytes for ./public/data/character_map.csv
2025-12-05 19:59:11 +0000  copying file ./public/data/explanations.json ... 
2025-12-05 19:59:11 +0000  299036 bytes for ./public/data/explanations.json
2025-12-05 19:59:11 +0000  copying file ./public/user-guide-screenshots/all.jpg ... 
2025-12-05 19:59:11 +0000  459884 bytes for ./public/user-guide-screenshots/all.jpg
2025-12-05 19:59:11 +0000  copying file ./public/user-guide-screenshots/some.jpg ... 
2025-12-05 19:59:11 +0000  469654 bytes for ./public/user-guide-screenshots/some.jpg
2025-12-05 19:59:11 +0000  copying file ./public/user-guide-screenshots/most.jpg ... 
2025-12-05 19:59:11 +0000  508852 bytes for ./public/user-guide-screenshots/most.jpg
2025-12-05 19:59:11 +0000  copying file ./public/user-guide-screenshots/none.jpg ... 
2025-12-05 19:59:11 +0000  421457 bytes for ./public/user-guide-screenshots/none.jpg
2025-12-05 19:59:11 +0000  copying file ./public/user-guide-screenshots/note-density.jpg ... 
2025-12-05 19:59:11 +0000  424583 bytes for ./public/user-guide-screenshots/note-density.jpg
2025-12-05 19:59:11 +0000  copying file ./Assets.car ... 
2025-12-05 19:59:11 +0000  339640 bytes for ./Assets.car
2025-12-05 19:59:11 +0000  copying file ./AppIcon76x76@2x~ipad.png ... 
2025-12-05 19:59:11 +0000  13254 bytes for ./AppIcon76x76@2x~ipad.png
2025-12-05 19:59:11 +0000  copying file ./capacitor.config.json ... 
2025-12-05 19:59:11 +0000  149 bytes for ./capacitor.config.json
2025-12-05 19:59:11 +0000  copying file ./Frameworks/Capacitor.framework/_CodeSignature/CodeResources ... 
2025-12-05 19:59:11 +0000  2252 bytes for ./Frameworks/Capacitor.framework/_CodeSignature/CodeResources
2025-12-05 19:59:11 +0000  copying file ./Frameworks/Capacitor.framework/native-bridge.js ... 
2025-12-05 19:59:11 +0000  52815 bytes for ./Frameworks/Capacitor.framework/native-bridge.js
2025-12-05 19:59:11 +0000  copying file ./Frameworks/Capacitor.framework/Capacitor ... 
2025-12-05 19:59:11 +0000  1468336 bytes for ./Frameworks/Capacitor.framework/Capacitor
2025-12-05 19:59:11 +0000  copying file ./Frameworks/Capacitor.framework/PrivacyInfo.xcprivacy ... 
2025-12-05 19:59:11 +0000  373 bytes for ./Frameworks/Capacitor.framework/PrivacyInfo.xcprivacy
2025-12-05 19:59:11 +0000  copying file ./Frameworks/Capacitor.framework/Info.plist ... 
2025-12-05 19:59:11 +0000  786 bytes for ./Frameworks/Capacitor.framework/Info.plist
2025-12-05 19:59:11 +0000  copying file ./Frameworks/Cordova.framework/_CodeSignature/CodeResources ... 
2025-12-05 19:59:11 +0000  2034 bytes for ./Frameworks/Cordova.framework/_CodeSignature/CodeResources
2025-12-05 19:59:11 +0000  copying file ./Frameworks/Cordova.framework/Cordova ... 
2025-12-05 19:59:11 +0000  147376 bytes for ./Frameworks/Cordova.framework/Cordova
2025-12-05 19:59:11 +0000  copying file ./Frameworks/Cordova.framework/PrivacyInfo.xcprivacy ... 
2025-12-05 19:59:11 +0000  373 bytes for ./Frameworks/Cordova.framework/PrivacyInfo.xcprivacy
2025-12-05 19:59:11 +0000  copying file ./Frameworks/Cordova.framework/Info.plist ... 
2025-12-05 19:59:11 +0000  782 bytes for ./Frameworks/Cordova.framework/Info.plist
2025-12-05 19:59:11 +0000  copying file ./embedded.mobileprovision ... 
2025-12-05 19:59:11 +0000  14564 bytes for ./embedded.mobileprovision
2025-12-05 19:59:11 +0000  copying file ./Info.plist ... 
2025-12-05 19:59:11 +0000  1421 bytes for ./Info.plist
2025-12-05 19:59:11 +0000  copying file ./PkgInfo ... 
2025-12-05 19:59:11 +0000  8 bytes for ./PkgInfo
2025-12-05 19:59:11 +0000 [MT] /usr/bin/ditto exited with 0
2025-12-05 19:59:11 +0000 [MT] Processing step: IDEDistributionEmbedProfileStep
2025-12-05 19:59:11 +0000 [MT] Skipping profile for item: <IDEDistributionItem: 0x6000038d16e0; bundleID='org.cocoapods.Capacitor', path='<DVTFilePath:0x600003755c70:'/Users/johndimm/projects/romeo-and-juliet-explained/ios/build/App.xcarchive/Products/Applications/App.app/Frameworks/Capacitor.framework'>', codeSigningInfo='<_DVTCodeSigningInformation_Path: 0x60000386cf60; isSigned='1', isAdHocSigned='0', signingCertificate='<DVTSigningCertificate: 0x6000029ee4c0; name='Apple Development: jdimm@yahoo.com (7ZK58VJ3GL)', hash='EC15D213920EFE3DC2328D15FE54CD164399800C', serialNumber='629BD659B77987A5A0BD7A40DA5B071B', certificateKinds='(
    "1.2.840.113635.100.6.1.12",
    "1.2.840.113635.100.6.1.2"
), issueDate='2025-11-11 16:08:39 +0000''>', entitlements='(null)', teamID='Q7GDVRDLKY', identifier='org.cocoapods.Capacitor', executablePath='<DVTFilePath:0x600003868540:'/Users/johndimm/projects/romeo-and-juliet-explained/ios/build/App.xcarchive/Products/Applications/App.app/Frameworks/Capacitor.framework/Capacitor'>', hardenedRuntime='0'>'>
2025-12-05 19:59:11 +0000 [MT] Skipping profile for item: <IDEDistributionItem: 0x600003850c60; bundleID='org.cocoapods.Cordova', path='<DVTFilePath:0x60000376aa00:'/Users/johndimm/projects/romeo-and-juliet-explained/ios/build/App.xcarchive/Products/Applications/App.app/Frameworks/Cordova.framework'>', codeSigningInfo='<_DVTCodeSigningInformation_Path: 0x600003854ea0; isSigned='1', isAdHocSigned='0', signingCertificate='<DVTSigningCertificate: 0x6000029ee4c0; name='Apple Development: jdimm@yahoo.com (7ZK58VJ3GL)', hash='EC15D213920EFE3DC2328D15FE54CD164399800C', serialNumber='629BD659B77987A5A0BD7A40DA5B071B', certificateKinds='(
    "1.2.840.113635.100.6.1.12",
    "1.2.840.113635.100.6.1.2"
), issueDate='2025-11-11 16:08:39 +0000''>', entitlements='(null)', teamID='Q7GDVRDLKY', identifier='org.cocoapods.Cordova', executablePath='<DVTFilePath:0x6000038c09c0:'/Users/johndimm/projects/romeo-and-juliet-explained/ios/build/App.xcarchive/Products/Applications/App.app/Frameworks/Cordova.framework/Cordova'>', hardenedRuntime='0'>'>
2025-12-05 19:59:11 +0000 [MT] Processing step: IDEDistributionInfoPlistStep
2025-12-05 19:59:11 +0000 [MT] Skipping step: IDEDistributionInfoPlistStep because it said so
2025-12-05 19:59:11 +0000 [MT] Skipping step: IDEDistributionInfoPlistStep because it said so
2025-12-05 19:59:11 +0000 [MT] Skipping step: IDEDistributionInfoPlistStep because it said so
2025-12-05 19:59:11 +0000 [MT] Processing step: IDEDistributionAppThinningPlistStep
2025-12-05 19:59:11 +0000 [MT] Skipping step: IDEDistributionAppThinningPlistStep because it said so
2025-12-05 19:59:11 +0000 [MT] Processing step: IDEDistributionSymbolsStep
2025-12-05 19:59:11 +0000 [MT] Skipping step: IDEDistributionSymbolsStep because it said so
2025-12-05 19:59:11 +0000 [MT] Processing step: IDEDistributionAppThinningStep
2025-12-05 19:59:11 +0000 [MT] Skipping step: IDEDistributionAppThinningStep because it said so
2025-12-05 19:59:11 +0000 [MT] Processing step: IDEDistributionArchThinningStep
2025-12-05 19:59:11 +0000 [MT] Archs to thin for item /Users/johndimm/projects/romeo-and-juliet-explained/ios/build/App.xcarchive/Products/Applications/App.app/Frameworks/Capacitor.framework are []
2025-12-05 19:59:11 +0000 [MT] Archs to thin for item /Users/johndimm/projects/romeo-and-juliet-explained/ios/build/App.xcarchive/Products/Applications/App.app/Frameworks/Cordova.framework are []
2025-12-05 19:59:11 +0000 [MT] Archs to thin for item /Users/johndimm/projects/romeo-and-juliet-explained/ios/build/App.xcarchive/Products/Applications/App.app are []
2025-12-05 19:59:11 +0000 [MT] Processing step: IDEDistributionODRStep
2025-12-05 19:59:11 +0000 [MT] Processing step: IDEDistributionStripXattrsStep
2025-12-05 19:59:11 +0000 [MT] Skipping stripping extended attributes because the codesign step will strip them.
2025-12-05 19:59:11 +0000 [MT] Skipping stripping extended attributes because the codesign step will strip them.
2025-12-05 19:59:11 +0000 [MT] Skipping stripping extended attributes because the codesign step will strip them.
2025-12-05 19:59:11 +0000 [MT] Processing step: IDEDistributionCodesignStep
2025-12-05 19:59:11 +0000 [MT] Entitlements for <IDEDistributionItem: 0x6000038d16e0; bundleID='org.cocoapods.Capacitor', path='<DVTFilePath:0x600003755c70:'/Users/johndimm/projects/romeo-and-juliet-explained/ios/build/App.xcarchive/Products/Applications/App.app/Frameworks/Capacitor.framework'>', codeSigningInfo='<_DVTCodeSigningInformation_Path: 0x60000386cf60; isSigned='1', isAdHocSigned='0', signingCertificate='<DVTSigningCertificate: 0x6000029c8000; name='Apple Development: jdimm@yahoo.com (7ZK58VJ3GL)', hash='EC15D213920EFE3DC2328D15FE54CD164399800C', serialNumber='629BD659B77987A5A0BD7A40DA5B071B', certificateKinds='(
    "1.2.840.113635.100.6.1.12",
    "1.2.840.113635.100.6.1.2"
), issueDate='2025-11-11 16:08:39 +0000''>', entitlements='(null)', teamID='Q7GDVRDLKY', identifier='org.cocoapods.Capacitor', executablePath='<DVTFilePath:0x600003868540:'/Users/johndimm/projects/romeo-and-juliet-explained/ios/build/App.xcarchive/Products/Applications/App.app/Frameworks/Capacitor.framework/Capacitor'>', hardenedRuntime='0'>'>: {
}
2025-12-05 19:59:11 +0000 [MT] Associated App Clip Identifiers Filter: Skipping because "com.apple.developer.associated-appclip-app-identifiers" is not present
2025-12-05 19:59:11 +0000 [MT] Entitlements for <IDEDistributionItem: 0x6000038d16e0; bundleID='org.cocoapods.Capacitor', path='<DVTFilePath:0x600003755c70:'/Users/johndimm/projects/romeo-and-juliet-explained/ios/build/App.xcarchive/Products/Applications/App.app/Frameworks/Capacitor.framework'>', codeSigningInfo='<_DVTCodeSigningInformation_Path: 0x60000386cf60; isSigned='1', isAdHocSigned='0', signingCertificate='<DVTSigningCertificate: 0x6000029b03c0; name='Apple Development: jdimm@yahoo.com (7ZK58VJ3GL)', hash='EC15D213920EFE3DC2328D15FE54CD164399800C', serialNumber='629BD659B77987A5A0BD7A40DA5B071B', certificateKinds='(
    "1.2.840.113635.100.6.1.12",
    "1.2.840.113635.100.6.1.2"
), issueDate='2025-11-11 16:08:39 +0000''>', entitlements='(null)', teamID='Q7GDVRDLKY', identifier='org.cocoapods.Capacitor', executablePath='<DVTFilePath:0x600003868540:'/Users/johndimm/projects/romeo-and-juliet-explained/ios/build/App.xcarchive/Products/Applications/App.app/Frameworks/Capacitor.framework/Capacitor'>', hardenedRuntime='0'>'> are: {
}
2025-12-05 19:59:11 +0000 [MT] Writing entitlements for <IDEDistributionItem: 0x6000038d16e0; bundleID='org.cocoapods.Capacitor', path='<DVTFilePath:0x600003755c70:'/Users/johndimm/projects/romeo-and-juliet-explained/ios/build/App.xcarchive/Products/Applications/App.app/Frameworks/Capacitor.framework'>', codeSigningInfo='<_DVTCodeSigningInformation_Path: 0x60000386cf60; isSigned='1', isAdHocSigned='0', signingCertificate='<DVTSigningCertificate: 0x6000029b03c0; name='Apple Development: jdimm@yahoo.com (7ZK58VJ3GL)', hash='EC15D213920EFE3DC2328D15FE54CD164399800C', serialNumber='629BD659B77987A5A0BD7A40DA5B071B', certificateKinds='(
    "1.2.840.113635.100.6.1.12",
    "1.2.840.113635.100.6.1.2"
), issueDate='2025-11-11 16:08:39 +0000''>', entitlements='(null)', teamID='Q7GDVRDLKY', identifier='org.cocoapods.Capacitor', executablePath='<DVTFilePath:0x600003868540:'/Users/johndimm/projects/romeo-and-juliet-explained/ios/build/App.xcarchive/Products/Applications/App.app/Frameworks/Capacitor.framework/Capacitor'>', hardenedRuntime='0'>'> to: /var/folders/1_/nz8n1h4x6lvc9p0ls6sxc3zr0000gn/T/XcodeDistPipeline.~~~YCxfFn/entitlements~~~UCz6h6
2025-12-05 19:59:11 +0000 [MT] invoking codesign: <NSConcreteTask: 0x600003c808c0; launchPath='/usr/bin/codesign', arguments='(
    "-f",
    "-s",
    EC15D213920EFE3DC2328D15FE54CD164399800C,
    "--entitlements",
    "/var/folders/1_/nz8n1h4x6lvc9p0ls6sxc3zr0000gn/T/XcodeDistPipeline.~~~YCxfFn/entitlements~~~UCz6h6",
    "--preserve-metadata=identifier,flags,runtime,launch-constraints,library-constraints",
    "--generate-entitlement-der",
    "--strip-disallowed-xattrs",
    "-vvv",
    "/var/folders/1_/nz8n1h4x6lvc9p0ls6sxc3zr0000gn/T/XcodeDistPipeline.~~~YCxfFn/Root/Payload/App.app/Frameworks/Capacitor.framework"
)'>
2025-12-05 19:59:11 +0000 [MT] codesign output: /var/folders/1_/nz8n1h4x6lvc9p0ls6sxc3zr0000gn/T/XcodeDistPipeline.~~~YCxfFn/Root/Payload/App.app/Frameworks/Capacitor.framework: replacing existing signature
/var/folders/1_/nz8n1h4x6lvc9p0ls6sxc3zr0000gn/T/XcodeDistPipeline.~~~YCxfFn/Root/Payload/App.app/Frameworks/Capacitor.framework: signed bundle with Mach-O thin (arm64) [org.cocoapods.Capacitor]
2025-12-05 19:59:11 +0000 [MT] Entitlements for <IDEDistributionItem: 0x600003850c60; bundleID='org.cocoapods.Cordova', path='<DVTFilePath:0x60000376aa00:'/Users/johndimm/projects/romeo-and-juliet-explained/ios/build/App.xcarchive/Products/Applications/App.app/Frameworks/Cordova.framework'>', codeSigningInfo='<_DVTCodeSigningInformation_Path: 0x600003854ea0; isSigned='1', isAdHocSigned='0', signingCertificate='<DVTSigningCertificate: 0x6000029c8000; name='Apple Development: jdimm@yahoo.com (7ZK58VJ3GL)', hash='EC15D213920EFE3DC2328D15FE54CD164399800C', serialNumber='629BD659B77987A5A0BD7A40DA5B071B', certificateKinds='(
    "1.2.840.113635.100.6.1.12",
    "1.2.840.113635.100.6.1.2"
), issueDate='2025-11-11 16:08:39 +0000''>', entitlements='(null)', teamID='Q7GDVRDLKY', identifier='org.cocoapods.Cordova', executablePath='<DVTFilePath:0x6000038c09c0:'/Users/johndimm/projects/romeo-and-juliet-explained/ios/build/App.xcarchive/Products/Applications/App.app/Frameworks/Cordova.framework/Cordova'>', hardenedRuntime='0'>'>: {
}
2025-12-05 19:59:11 +0000 [MT] Associated App Clip Identifiers Filter: Skipping because "com.apple.developer.associated-appclip-app-identifiers" is not present
2025-12-05 19:59:11 +0000 [MT] Entitlements for <IDEDistributionItem: 0x600003850c60; bundleID='org.cocoapods.Cordova', path='<DVTFilePath:0x60000376aa00:'/Users/johndimm/projects/romeo-and-juliet-explained/ios/build/App.xcarchive/Products/Applications/App.app/Frameworks/Cordova.framework'>', codeSigningInfo='<_DVTCodeSigningInformation_Path: 0x600003854ea0; isSigned='1', isAdHocSigned='0', signingCertificate='<DVTSigningCertificate: 0x6000029de040; name='Apple Development: jdimm@yahoo.com (7ZK58VJ3GL)', hash='EC15D213920EFE3DC2328D15FE54CD164399800C', serialNumber='629BD659B77987A5A0BD7A40DA5B071B', certificateKinds='(
    "1.2.840.113635.100.6.1.12",
    "1.2.840.113635.100.6.1.2"
), issueDate='2025-11-11 16:08:39 +0000''>', entitlements='(null)', teamID='Q7GDVRDLKY', identifier='org.cocoapods.Cordova', executablePath='<DVTFilePath:0x6000038c09c0:'/Users/johndimm/projects/romeo-and-juliet-explained/ios/build/App.xcarchive/Products/Applications/App.app/Frameworks/Cordova.framework/Cordova'>', hardenedRuntime='0'>'> are: {
}
2025-12-05 19:59:11 +0000 [MT] Writing entitlements for <IDEDistributionItem: 0x600003850c60; bundleID='org.cocoapods.Cordova', path='<DVTFilePath:0x60000376aa00:'/Users/johndimm/projects/romeo-and-juliet-explained/ios/build/App.xcarchive/Products/Applications/App.app/Frameworks/Cordova.framework'>', codeSigningInfo='<_DVTCodeSigningInformation_Path: 0x600003854ea0; isSigned='1', isAdHocSigned='0', signingCertificate='<DVTSigningCertificate: 0x6000029ef180; name='Apple Development: jdimm@yahoo.com (7ZK58VJ3GL)', hash='EC15D213920EFE3DC2328D15FE54CD164399800C', serialNumber='629BD659B77987A5A0BD7A40DA5B071B', certificateKinds='(
    "1.2.840.113635.100.6.1.12",
    "1.2.840.113635.100.6.1.2"
), issueDate='2025-11-11 16:08:39 +0000''>', entitlements='(null)', teamID='Q7GDVRDLKY', identifier='org.cocoapods.Cordova', executablePath='<DVTFilePath:0x6000038c09c0:'/Users/johndimm/projects/romeo-and-juliet-explained/ios/build/App.xcarchive/Products/Applications/App.app/Frameworks/Cordova.framework/Cordova'>', hardenedRuntime='0'>'> to: /var/folders/1_/nz8n1h4x6lvc9p0ls6sxc3zr0000gn/T/XcodeDistPipeline.~~~YCxfFn/entitlements~~~buCh6b
2025-12-05 19:59:11 +0000 [MT] invoking codesign: <NSConcreteTask: 0x600003c9cfa0; launchPath='/usr/bin/codesign', arguments='(
    "-f",
    "-s",
    EC15D213920EFE3DC2328D15FE54CD164399800C,
    "--entitlements",
    "/var/folders/1_/nz8n1h4x6lvc9p0ls6sxc3zr0000gn/T/XcodeDistPipeline.~~~YCxfFn/entitlements~~~buCh6b",
    "--preserve-metadata=identifier,flags,runtime,launch-constraints,library-constraints",
    "--generate-entitlement-der",
    "--strip-disallowed-xattrs",
    "-vvv",
    "/var/folders/1_/nz8n1h4x6lvc9p0ls6sxc3zr0000gn/T/XcodeDistPipeline.~~~YCxfFn/Root/Payload/App.app/Frameworks/Cordova.framework"
)'>
2025-12-05 19:59:11 +0000 [MT] codesign output: /var/folders/1_/nz8n1h4x6lvc9p0ls6sxc3zr0000gn/T/XcodeDistPipeline.~~~YCxfFn/Root/Payload/App.app/Frameworks/Cordova.framework: replacing existing signature
/var/folders/1_/nz8n1h4x6lvc9p0ls6sxc3zr0000gn/T/XcodeDistPipeline.~~~YCxfFn/Root/Payload/App.app/Frameworks/Cordova.framework: signed bundle with Mach-O thin (arm64) [org.cocoapods.Cordova]
2025-12-05 19:59:11 +0000 [MT] Entitlements for <IDEDistributionItem: 0x600003855500; bundleID='dimm.explainers.shakespeare.romeo-and-juliet', path='<DVTFilePath:0x60000387c660:'/Users/johndimm/projects/romeo-and-juliet-explained/ios/build/App.xcarchive/Products/Applications/App.app'>', codeSigningInfo='<_DVTCodeSigningInformation_Path: 0x60000386d1a0; isSigned='1', isAdHocSigned='0', signingCertificate='<DVTSigningCertificate: 0x6000029ddb00; name='Apple Development: jdimm@yahoo.com (7ZK58VJ3GL)', hash='EC15D213920EFE3DC2328D15FE54CD164399800C', serialNumber='629BD659B77987A5A0BD7A40DA5B071B', certificateKinds='(
    "1.2.840.113635.100.6.1.12",
    "1.2.840.113635.100.6.1.2"
), issueDate='2025-11-11 16:08:39 +0000''>', entitlements='{
    "application-identifier" = "Q7GDVRDLKY.dimm.explainers.shakespeare.romeo-and-juliet";
    "com.apple.developer.team-identifier" = Q7GDVRDLKY;
    "get-task-allow" = 1;
}', teamID='Q7GDVRDLKY', identifier='dimm.explainers.shakespeare.romeo-and-juliet', executablePath='<DVTFilePath:0x600003877060:'/Users/johndimm/projects/romeo-and-juliet-explained/ios/build/App.xcarchive/Products/Applications/App.app/App'>', hardenedRuntime='0'>'>: {
    "application-identifier" = "Q7GDVRDLKY.dimm.explainers.shakespeare.romeo-and-juliet";
    "com.apple.developer.team-identifier" = Q7GDVRDLKY;
    "get-task-allow" = 1;
}
2025-12-05 19:59:11 +0000 [MT] Associated App Clip Identifiers Filter: Skipping because "com.apple.developer.associated-appclip-app-identifiers" is not present
2025-12-05 19:59:11 +0000 [MT] Entitlements for <IDEDistributionItem: 0x600003855500; bundleID='dimm.explainers.shakespeare.romeo-and-juliet', path='<DVTFilePath:0x60000387c660:'/Users/johndimm/projects/romeo-and-juliet-explained/ios/build/App.xcarchive/Products/Applications/App.app'>', codeSigningInfo='<_DVTCodeSigningInformation_Path: 0x60000386d1a0; isSigned='1', isAdHocSigned='0', signingCertificate='<DVTSigningCertificate: 0x6000029ddb00; name='Apple Development: jdimm@yahoo.com (7ZK58VJ3GL)', hash='EC15D213920EFE3DC2328D15FE54CD164399800C', serialNumber='629BD659B77987A5A0BD7A40DA5B071B', certificateKinds='(
    "1.2.840.113635.100.6.1.12",
    "1.2.840.113635.100.6.1.2"
), issueDate='2025-11-11 16:08:39 +0000''>', entitlements='{
    "application-identifier" = "Q7GDVRDLKY.dimm.explainers.shakespeare.romeo-and-juliet";
    "com.apple.developer.team-identifier" = Q7GDVRDLKY;
    "get-task-allow" = 1;
}', teamID='Q7GDVRDLKY', identifier='dimm.explainers.shakespeare.romeo-and-juliet', executablePath='<DVTFilePath:0x600003877060:'/Users/johndimm/projects/romeo-and-juliet-explained/ios/build/App.xcarchive/Products/Applications/App.app/App'>', hardenedRuntime='0'>'> are: {
    "application-identifier" = "Q7GDVRDLKY.dimm.explainers.shakespeare.romeo-and-juliet";
    "com.apple.developer.team-identifier" = Q7GDVRDLKY;
    "get-task-allow" = 1;
}
2025-12-05 19:59:11 +0000 [MT] Writing entitlements for <IDEDistributionItem: 0x600003855500; bundleID='dimm.explainers.shakespeare.romeo-and-juliet', path='<DVTFilePath:0x60000387c660:'/Users/johndimm/projects/romeo-and-juliet-explained/ios/build/App.xcarchive/Products/Applications/App.app'>', codeSigningInfo='<_DVTCodeSigningInformation_Path: 0x60000386d1a0; isSigned='1', isAdHocSigned='0', signingCertificate='<DVTSigningCertificate: 0x6000029ddb00; name='Apple Development: jdimm@yahoo.com (7ZK58VJ3GL)', hash='EC15D213920EFE3DC2328D15FE54CD164399800C', serialNumber='629BD659B77987A5A0BD7A40DA5B071B', certificateKinds='(
    "1.2.840.113635.100.6.1.12",
    "1.2.840.113635.100.6.1.2"
), issueDate='2025-11-11 16:08:39 +0000''>', entitlements='{
    "application-identifier" = "Q7GDVRDLKY.dimm.explainers.shakespeare.romeo-and-juliet";
    "com.apple.developer.team-identifier" = Q7GDVRDLKY;
    "get-task-allow" = 1;
}', teamID='Q7GDVRDLKY', identifier='dimm.explainers.shakespeare.romeo-and-juliet', executablePath='<DVTFilePath:0x600003877060:'/Users/johndimm/projects/romeo-and-juliet-explained/ios/build/App.xcarchive/Products/Applications/App.app/App'>', hardenedRuntime='0'>'> to: /var/folders/1_/nz8n1h4x6lvc9p0ls6sxc3zr0000gn/T/XcodeDistPipeline.~~~YCxfFn/entitlements~~~2pAUnJ
2025-12-05 19:59:11 +0000 [MT] invoking codesign: <NSConcreteTask: 0x600003cb9630; launchPath='/usr/bin/codesign', arguments='(
    "-f",
    "-s",
    EC15D213920EFE3DC2328D15FE54CD164399800C,
    "--entitlements",
    "/var/folders/1_/nz8n1h4x6lvc9p0ls6sxc3zr0000gn/T/XcodeDistPipeline.~~~YCxfFn/entitlements~~~2pAUnJ",
    "--preserve-metadata=identifier,flags,runtime,launch-constraints,library-constraints",
    "--generate-entitlement-der",
    "--strip-disallowed-xattrs",
    "-vvv",
    "/var/folders/1_/nz8n1h4x6lvc9p0ls6sxc3zr0000gn/T/XcodeDistPipeline.~~~YCxfFn/Root/Payload/App.app"
)'>
2025-12-05 19:59:12 +0000 [MT] codesign output: /var/folders/1_/nz8n1h4x6lvc9p0ls6sxc3zr0000gn/T/XcodeDistPipeline.~~~YCxfFn/Root/Payload/App.app: replacing existing signature
/var/folders/1_/nz8n1h4x6lvc9p0ls6sxc3zr0000gn/T/XcodeDistPipeline.~~~YCxfFn/Root/Payload/App.app: signed app bundle with Mach-O thin (arm64) [dimm.explainers.shakespeare.romeo-and-juliet]
2025-12-05 19:59:12 +0000 [MT] Processing step: IDEDistributionZipODRItemStep
2025-12-05 19:59:12 +0000 [MT] Skipping step: IDEDistributionZipODRItemStep because it said so
2025-12-05 19:59:12 +0000 [MT] Skipping step: IDEDistributionZipODRItemStep because it said so
2025-12-05 19:59:12 +0000 [MT] Skipping step: IDEDistributionZipODRItemStep because it said so
2025-12-05 19:59:12 +0000 [MT] Processing step: IDEDistributionCreateIPAStep
2025-12-05 19:59:12 +0000 [MT] Running /usr/bin/ditto '-V' '-c' '-k' '--norsrc' '/var/folders/1_/nz8n1h4x6lvc9p0ls6sxc3zr0000gn/T/XcodeDistPipeline.~~~YCxfFn/Root' '/var/folders/1_/nz8n1h4x6lvc9p0ls6sxc3zr0000gn/T/XcodeDistPipeline.~~~YCxfFn/Packages/App.ipa'
2025-12-05 19:59:12 +0000  >>> Copying /var/folders/1_/nz8n1h4x6lvc9p0ls6sxc3zr0000gn/T/XcodeDistPipeline.~~~YCxfFn/Root 
2025-12-05 19:59:12 +0000  copying file ./Payload/App.app/_CodeSignature/CodeResources ... 
2025-12-05 19:59:12 +0000  15515 bytes for ./Payload/App.app/_CodeSignature/CodeResources
2025-12-05 19:59:12 +0000  copying file ./Payload/App.app/App ... 
2025-12-05 19:59:12 +0000  93264 bytes for ./Payload/App.app/App
2025-12-05 19:59:12 +0000  copying file ./Payload/App.app/AppIcon60x60@2x.png ... 
2025-12-05 19:59:12 +0000  10151 bytes for ./Payload/App.app/AppIcon60x60@2x.png
2025-12-05 19:59:12 +0000  copying file ./Payload/App.app/Base.lproj/Main.storyboardc/UIViewController-BYZ-38-t0r.nib ... 
2025-12-05 19:59:12 +0000  858 bytes for ./Payload/App.app/Base.lproj/Main.storyboardc/UIViewController-BYZ-38-t0r.nib
copying file ./Payload/App.app/Base.lproj/Main.storyboardc/Info.plist ... 
2025-12-05 19:59:12 +0000  258 bytes for ./Payload/App.app/Base.lproj/Main.storyboardc/Info.plist
2025-12-05 19:59:12 +0000  copying file ./Payload/App.app/Base.lproj/LaunchScreen.storyboardc/01J-lp-oVM-view-snD-IY-ifK.nib ... 
2025-12-05 19:59:12 +0000  1278 bytes for ./Payload/App.app/Base.lproj/LaunchScreen.storyboardc/01J-lp-oVM-view-snD-IY-ifK.nib
2025-12-05 19:59:12 +0000  copying file ./Payload/App.app/Base.lproj/LaunchScreen.storyboardc/UIViewController-01J-lp-oVM.nib ... 
2025-12-05 19:59:12 +0000  924 bytes for ./Payload/App.app/Base.lproj/LaunchScreen.storyboardc/UIViewController-01J-lp-oVM.nib
2025-12-05 19:59:12 +0000  copying file ./Payload/App.app/Base.lproj/LaunchScreen.storyboardc/Info.plist ... 
2025-12-05 19:59:12 +0000  258 bytes for ./Payload/App.app/Base.lproj/LaunchScreen.storyboardc/Info.plist
copying file ./Payload/App.app/config.xml ... 
2025-12-05 19:59:12 +0000  185 bytes for ./Payload/App.app/config.xml
2025-12-05 19:59:12 +0000  copying file ./Payload/App.app/public/_next/static/css/e10452630bdf4fbb.css ... 
2025-12-05 19:59:12 +0000  38404 bytes for ./Payload/App.app/public/_next/static/css/e10452630bdf4fbb.css
2025-12-05 19:59:12 +0000  copying file ./Payload/App.app/public/_next/static/slM_bEtdJpTEhq87GXt1D/_ssgManifest.js ... 
2025-12-05 19:59:12 +0000  88 bytes for ./Payload/App.app/public/_next/static/slM_bEtdJpTEhq87GXt1D/_ssgManifest.js
2025-12-05 19:59:12 +0000  copying file ./Payload/App.app/public/_next/static/slM_bEtdJpTEhq87GXt1D/_buildManifest.js ... 
2025-12-05 19:59:12 +0000  578 bytes for ./Payload/App.app/public/_next/static/slM_bEtdJpTEhq87GXt1D/_buildManifest.js
2025-12-05 19:59:12 +0000  copying file ./Payload/App.app/public/_next/static/chunks/webpack-4e7214a60fad8e88.js ... 
2025-12-05 19:59:12 +0000  1319 bytes for ./Payload/App.app/public/_next/static/chunks/webpack-4e7214a60fad8e88.js
2025-12-05 19:59:12 +0000  copying file ./Payload/App.app/public/_next/static/chunks/framework-ecc4130bc7a58a64.js ... 
2025-12-05 19:59:12 +0000  140942 bytes for ./Payload/App.app/public/_next/static/chunks/framework-ecc4130bc7a58a64.js
2025-12-05 19:59:12 +0000  copying file ./Payload/App.app/public/_next/static/chunks/main-ac52e5f1ea1d2a16.js ... 
2025-12-05 19:59:12 +0000  109836 bytes for ./Payload/App.app/public/_next/static/chunks/main-ac52e5f1ea1d2a16.js
2025-12-05 19:59:12 +0000  copying file ./Payload/App.app/public/_next/static/chunks/pages/_error-77823ddac6993d35.js ... 
2025-12-05 19:59:12 +0000  247 bytes for ./Payload/App.app/public/_next/static/chunks/pages/_error-77823ddac6993d35.js
copying file ./Payload/App.app/public/_next/static/chunks/pages/settings-756ce088933d2f83.js ... 
2025-12-05 19:59:12 +0000  793 bytes for ./Payload/App.app/public/_next/static/chunks/pages/settings-756ce088933d2f83.js
2025-12-05 19:59:12 +0000  copying file ./Payload/App.app/public/_next/static/chunks/pages/index-17f07bea7c739576.js ... 
2025-12-05 19:59:12 +0000  144508 bytes for ./Payload/App.app/public/_next/static/chunks/pages/index-17f07bea7c739576.js
2025-12-05 19:59:12 +0000  copying file ./Payload/App.app/public/_next/static/chunks/pages/user-guide-2ab5427b545eba73.js ... 
803 bytes for ./Payload/App.app/public/_next/static/chunks/pages/user-guide-2ab5427b545eba73.js
2025-12-05 19:59:12 +0000  copying file ./Payload/App.app/public/_next/static/chunks/pages/about-4182f5665bf4a223.js ... 
2025-12-05 19:59:12 +0000  782 bytes for ./Payload/App.app/public/_next/static/chunks/pages/about-4182f5665bf4a223.js
copying file ./Payload/App.app/public/_next/static/chunks/pages/_app-eda7a95b4c77a39d.js ... 
2025-12-05 19:59:12 +0000  22970 bytes for ./Payload/App.app/public/_next/static/chunks/pages/_app-eda7a95b4c77a39d.js
2025-12-05 19:59:12 +0000  copying file ./Payload/App.app/public/_next/static/chunks/pages/print-37002003955457dc.js ... 
2025-12-05 19:59:12 +0000  789 bytes for ./Payload/App.app/public/_next/static/chunks/pages/print-37002003955457dc.js
copying file ./Payload/App.app/public/_next/static/chunks/polyfills-78c92fac7aa8fdd8.js ... 
2025-12-05 19:59:12 +0000  91381 bytes for ./Payload/App.app/public/_next/static/chunks/polyfills-78c92fac7aa8fdd8.js
2025-12-05 19:59:12 +0000  copying file ./Payload/App.app/public/_next/data/slM_bEtdJpTEhq87GXt1D/index.json ... 
2025-12-05 19:59:12 +0000  385586 bytes for ./Payload/App.app/public/_next/data/slM_bEtdJpTEhq87GXt1D/index.json
2025-12-05 19:59:12 +0000  copying file ./Payload/App.app/public/index.html ... 
2025-12-05 19:59:12 +0000  813071 bytes for ./Payload/App.app/public/index.html
2025-12-05 19:59:12 +0000  copying file ./Payload/App.app/public/about.html ... 
2025-12-05 19:59:12 +0000  7038 bytes for ./Payload/App.app/public/about.html
copying file ./Payload/App.app/public/cordova.js ... 
2025-12-05 19:59:12 +0000  0 bytes for ./Payload/App.app/public/cordova.js
copying file ./Payload/App.app/public/404.html ... 
2025-12-05 19:59:12 +0000  7742 bytes for ./Payload/App.app/public/404.html
copying file ./Payload/App.app/public/print.html ... 
2025-12-05 19:59:12 +0000  5539 bytes for ./Payload/App.app/public/print.html
copying file ./Payload/App.app/public/user-guide.html ... 
2025-12-05 19:59:12 +0000  7067 bytes for ./Payload/App.app/public/user-guide.html
copying file ./Payload/App.app/public/cordova_plugins.js ... 
2025-12-05 19:59:12 +0000  0 bytes for ./Payload/App.app/public/cordova_plugins.js
copying file ./Payload/App.app/public/settings.html ... 
2025-12-05 19:59:12 +0000  7053 bytes for ./Payload/App.app/public/settings.html
2025-12-05 19:59:12 +0000  copying file ./Payload/App.app/public/data/metadata.json ... 
2025-12-05 19:59:12 +0000  134648 bytes for ./Payload/App.app/public/data/metadata.json
2025-12-05 19:59:12 +0000  copying file ./Payload/App.app/public/data/character_map.csv ... 
2025-12-05 19:59:12 +0000  11734 bytes for ./Payload/App.app/public/data/character_map.csv
2025-12-05 19:59:12 +0000  copying file ./Payload/App.app/public/data/explanations.json ... 
2025-12-05 19:59:12 +0000  299036 bytes for ./Payload/App.app/public/data/explanations.json
2025-12-05 19:59:12 +0000  copying file ./Payload/App.app/public/user-guide-screenshots/all.jpg ... 
2025-12-05 19:59:12 +0000  459884 bytes for ./Payload/App.app/public/user-guide-screenshots/all.jpg
2025-12-05 19:59:12 +0000  copying file ./Payload/App.app/public/user-guide-screenshots/some.jpg ... 
2025-12-05 19:59:12 +0000  469654 bytes for ./Payload/App.app/public/user-guide-screenshots/some.jpg
2025-12-05 19:59:12 +0000  copying file ./Payload/App.app/public/user-guide-screenshots/most.jpg ... 
2025-12-05 19:59:12 +0000  508852 bytes for ./Payload/App.app/public/user-guide-screenshots/most.jpg
2025-12-05 19:59:12 +0000  copying file ./Payload/App.app/public/user-guide-screenshots/none.jpg ... 
2025-12-05 19:59:12 +0000  421457 bytes for ./Payload/App.app/public/user-guide-screenshots/none.jpg
2025-12-05 19:59:12 +0000  copying file ./Payload/App.app/public/user-guide-screenshots/note-density.jpg ... 
2025-12-05 19:59:12 +0000  424583 bytes for ./Payload/App.app/public/user-guide-screenshots/note-density.jpg
2025-12-05 19:59:12 +0000  copying file ./Payload/App.app/Assets.car ... 
2025-12-05 19:59:12 +0000  339640 bytes for ./Payload/App.app/Assets.car
2025-12-05 19:59:12 +0000  copying file ./Payload/App.app/AppIcon76x76@2x~ipad.png ... 
2025-12-05 19:59:12 +0000  13254 bytes for ./Payload/App.app/AppIcon76x76@2x~ipad.png
2025-12-05 19:59:12 +0000  copying file ./Payload/App.app/capacitor.config.json ... 
149 bytes for ./Payload/App.app/capacitor.config.json
2025-12-05 19:59:12 +0000  copying file ./Payload/App.app/Frameworks/Capacitor.framework/_CodeSignature/CodeResources ... 
2025-12-05 19:59:12 +0000  2252 bytes for ./Payload/App.app/Frameworks/Capacitor.framework/_CodeSignature/CodeResources
copying file ./Payload/App.app/Frameworks/Capacitor.framework/native-bridge.js ... 
2025-12-05 19:59:12 +0000  52815 bytes for ./Payload/App.app/Frameworks/Capacitor.framework/native-bridge.js
2025-12-05 19:59:12 +0000  copying file ./Payload/App.app/Frameworks/Capacitor.framework/Capacitor ... 
2025-12-05 19:59:12 +0000  1468336 bytes for ./Payload/App.app/Frameworks/Capacitor.framework/Capacitor
2025-12-05 19:59:12 +0000  copying file ./Payload/App.app/Frameworks/Capacitor.framework/PrivacyInfo.xcprivacy ... 
373 bytes for ./Payload/App.app/Frameworks/Capacitor.framework/PrivacyInfo.xcprivacy
copying file ./Payload/App.app/Frameworks/Capacitor.framework/Info.plist ... 
2025-12-05 19:59:12 +0000  786 bytes for ./Payload/App.app/Frameworks/Capacitor.framework/Info.plist
2025-12-05 19:59:12 +0000  copying file ./Payload/App.app/Frameworks/Cordova.framework/_CodeSignature/CodeResources ... 
2025-12-05 19:59:12 +0000  2034 bytes for ./Payload/App.app/Frameworks/Cordova.framework/_CodeSignature/CodeResources
copying file ./Payload/App.app/Frameworks/Cordova.framework/Cordova ... 
2025-12-05 19:59:12 +0000  147376 bytes for ./Payload/App.app/Frameworks/Cordova.framework/Cordova
2025-12-05 19:59:12 +0000  copying file ./Payload/App.app/Frameworks/Cordova.framework/PrivacyInfo.xcprivacy ... 
373 bytes for ./Payload/App.app/Frameworks/Cordova.framework/PrivacyInfo.xcprivacy
2025-12-05 19:59:12 +0000  copying file ./Payload/App.app/Frameworks/Cordova.framework/Info.plist ... 
2025-12-05 19:59:12 +0000  782 bytes for ./Payload/App.app/Frameworks/Cordova.framework/Info.plist
copying file ./Payload/App.app/embedded.mobileprovision ... 
2025-12-05 19:59:12 +0000  14564 bytes for ./Payload/App.app/embedded.mobileprovision
2025-12-05 19:59:12 +0000  copying file ./Payload/App.app/Info.plist ... 
2025-12-05 19:59:12 +0000  1421 bytes for ./Payload/App.app/Info.plist
copying file ./Payload/App.app/PkgInfo ... 
8 bytes for ./Payload/App.app/PkgInfo
2025-12-05 19:59:12 +0000 [MT] /usr/bin/ditto exited with 0
2025-12-05 19:59:12 +0000 [MT] Processing step: IDEDistributionAppStoreInformationStep
2025-12-05 19:59:12 +0000 [MT] Skipping step: IDEDistributionAppStoreInformationStep because it said so
2025-12-05 19:59:12 +0000 [MT] Processing step: IDEDistributionGenerateProcessedDistributionItems
2025-12-05 19:59:12 +0000 [MT] IDEDistributionItem init <DVTFilePath:0x600003739030:'/var/folders/1_/nz8n1h4x6lvc9p0ls6sxc3zr0000gn/T/XcodeDistPipeline.~~~YCxfFn/Root/Payload/App.app/Frameworks/Cordova.framework'>
2025-12-05 19:59:12 +0000 [MT] IDEDistributionItem init <DVTFilePath:0x6000037390a0:'/var/folders/1_/nz8n1h4x6lvc9p0ls6sxc3zr0000gn/T/XcodeDistPipeline.~~~YCxfFn/Root/Payload/App.app/Frameworks/Capacitor.framework'>
2025-12-05 19:59:12 +0000 [MT] IDEDistributionItem init <DVTFilePath:0x60000383e5e0:'/var/folders/1_/nz8n1h4x6lvc9p0ls6sxc3zr0000gn/T/XcodeDistPipeline.~~~YCxfFn/Root/Payload/App.app'>
2025-12-05 19:59:12 +0000 [MT] Processing step: IDEDistributionCreateManifestStep
